// Jest Snapshot v1, https://goo.gl/fbAQLP

exports[`MainController should render without crashing 1`] = `null`;
